// Jest Snapshot v1, https://goo.gl/fbAQLP

exports[`Paging paging snapshot 1`] = `
<div
  className="paging"
>
  <span>
     out of 
  </span>
</div>
`;
