// Jest Snapshot v1, https://goo.gl/fbAQLP

exports[`Header Component should be a header 1`] = `
<header
  className="header"
>
  <h1>
    Hot Off the Motherfucking Presses
  </h1>
  <p>
    I mean that
  </p>
</header>
`;
